ERROR - 2026-05-07 07:32:56 --> Error connecting to the database: mysqli_sql_exception: No such file or directory in /home/maude/S4/Systeme d'information/alimentation/system/Database/MySQLi/Connection.php:201
Stack trace:
#0 /home/maude/S4/Systeme d'information/alimentation/system/Database/MySQLi/Connection.php(201): mysqli->real_connect()
#1 /home/maude/S4/Systeme d'information/alimentation/system/Database/BaseConnection.php(555): CodeIgniter\Database\MySQLi\Connection->connect()
#2 /home/maude/S4/Systeme d'information/alimentation/system/Database/BaseConnection.php(795): CodeIgniter\Database\BaseConnection->initialize()
#3 /home/maude/S4/Systeme d'information/alimentation/system/Database/BaseBuilder.php(1649): CodeIgniter\Database\BaseConnection->query()
#4 /home/maude/S4/Systeme d'information/alimentation/system/Validation/Rules.php(175): CodeIgniter\Database\BaseBuilder->get()
#5 /home/maude/S4/Systeme d'information/alimentation/system/Validation/StrictRules/Rules.php(187): CodeIgniter\Validation\Rules->is_unique()
#6 /home/maude/S4/Systeme d'information/alimentation/system/Validation/Validation.php(345): CodeIgniter\Validation\StrictRules\Rules->is_unique()
#7 /home/maude/S4/Systeme d'information/alimentation/system/Validation/Validation.php(210): CodeIgniter\Validation\Validation->processRules()
#8 /home/maude/S4/Systeme d'information/alimentation/system/Controller.php(136): CodeIgniter\Validation\Validation->run()
#9 /home/maude/S4/Systeme d'information/alimentation/app/Controllers/Register.php(40): CodeIgniter\Controller->validate()
#10 /home/maude/S4/Systeme d'information/alimentation/system/CodeIgniter.php(951): App\Controllers\Register->store()
#11 /home/maude/S4/Systeme d'information/alimentation/system/CodeIgniter.php(497): CodeIgniter\CodeIgniter->runController()
#12 /home/maude/S4/Systeme d'information/alimentation/system/CodeIgniter.php(340): CodeIgniter\CodeIgniter->handleRequest()
#13 /home/maude/S4/Systeme d'information/alimentation/system/Boot.php(417): CodeIgniter\CodeIgniter->run()
#14 /home/maude/S4/Systeme d'information/alimentation/system/Boot.php(68): CodeIgniter\Boot::runCodeIgniter()
#15 /home/maude/S4/Systeme d'information/alimentation/public/index.php(59): CodeIgniter\Boot::bootWeb()
#16 /home/maude/S4/Systeme d'information/alimentation/system/rewrite.php(44): require_once('...')
#17 {main}

Next CodeIgniter\Database\Exceptions\DatabaseException: No such file or directory in /home/maude/S4/Systeme d'information/alimentation/system/Database/MySQLi/Connection.php:231
Stack trace:
#0 /home/maude/S4/Systeme d'information/alimentation/system/Database/BaseConnection.php(555): CodeIgniter\Database\MySQLi\Connection->connect()
#1 /home/maude/S4/Systeme d'information/alimentation/system/Database/BaseConnection.php(795): CodeIgniter\Database\BaseConnection->initialize()
#2 /home/maude/S4/Systeme d'information/alimentation/system/Database/BaseBuilder.php(1649): CodeIgniter\Database\BaseConnection->query()
#3 /home/maude/S4/Systeme d'information/alimentation/system/Validation/Rules.php(175): CodeIgniter\Database\BaseBuilder->get()
#4 /home/maude/S4/Systeme d'information/alimentation/system/Validation/StrictRules/Rules.php(187): CodeIgniter\Validation\Rules->is_unique()
#5 /home/maude/S4/Systeme d'information/alimentation/system/Validation/Validation.php(345): CodeIgniter\Validation\StrictRules\Rules->is_unique()
#6 /home/maude/S4/Systeme d'information/alimentation/system/Validation/Validation.php(210): CodeIgniter\Validation\Validation->processRules()
#7 /home/maude/S4/Systeme d'information/alimentation/system/Controller.php(136): CodeIgniter\Validation\Validation->run()
#8 /home/maude/S4/Systeme d'information/alimentation/app/Controllers/Register.php(40): CodeIgniter\Controller->validate()
#9 /home/maude/S4/Systeme d'information/alimentation/system/CodeIgniter.php(951): App\Controllers\Register->store()
#10 /home/maude/S4/Systeme d'information/alimentation/system/CodeIgniter.php(497): CodeIgniter\CodeIgniter->runController()
#11 /home/maude/S4/Systeme d'information/alimentation/system/CodeIgniter.php(340): CodeIgniter\CodeIgniter->handleRequest()
#12 /home/maude/S4/Systeme d'information/alimentation/system/Boot.php(417): CodeIgniter\CodeIgniter->run()
#13 /home/maude/S4/Systeme d'information/alimentation/system/Boot.php(68): CodeIgniter\Boot::runCodeIgniter()
#14 /home/maude/S4/Systeme d'information/alimentation/public/index.php(59): CodeIgniter\Boot::bootWeb()
#15 /home/maude/S4/Systeme d'information/alimentation/system/rewrite.php(44): require_once('...')
#16 {main}
CRITICAL - 2026-05-07 07:32:56 --> CodeIgniter\Database\Exceptions\DatabaseException: Unable to connect to the database.
Main connection [MySQLi]: No such file or directory
[Method: POST, Route: register/store]
in SYSTEMPATH/Database/BaseConnection.php on line 606.
 1 SYSTEMPATH/Database/BaseConnection.php(795): CodeIgniter\Database\BaseConnection->initialize()
 2 SYSTEMPATH/Database/BaseBuilder.php(1649): CodeIgniter\Database\BaseConnection->query()
 3 SYSTEMPATH/Validation/Rules.php(175): CodeIgniter\Database\BaseBuilder->get()
 4 SYSTEMPATH/Validation/StrictRules/Rules.php(187): CodeIgniter\Validation\Rules->is_unique()
 5 SYSTEMPATH/Validation/Validation.php(345): CodeIgniter\Validation\StrictRules\Rules->is_unique()
 6 SYSTEMPATH/Validation/Validation.php(210): CodeIgniter\Validation\Validation->processRules()
 7 SYSTEMPATH/Controller.php(136): CodeIgniter\Validation\Validation->run()
 8 APPPATH/Controllers/Register.php(40): CodeIgniter\Controller->validate()
 9 SYSTEMPATH/CodeIgniter.php(951): App\Controllers\Register->store()
10 SYSTEMPATH/CodeIgniter.php(497): CodeIgniter\CodeIgniter->runController()
11 SYSTEMPATH/CodeIgniter.php(340): CodeIgniter\CodeIgniter->handleRequest()
12 SYSTEMPATH/Boot.php(417): CodeIgniter\CodeIgniter->run()
13 SYSTEMPATH/Boot.php(68): CodeIgniter\Boot::runCodeIgniter()
14 FCPATH/index.php(59): CodeIgniter\Boot::bootWeb()
15 SYSTEMPATH/rewrite.php(44): require_once('/home/maude/S4/Systeme d\'information/alimentation/public/index.php')
ERROR - 2026-05-07 07:40:09 --> Error connecting to the database: mysqli_sql_exception: No such file or directory in /home/maude/S4/Systeme d'information/alimentation/system/Database/MySQLi/Connection.php:201
Stack trace:
#0 /home/maude/S4/Systeme d'information/alimentation/system/Database/MySQLi/Connection.php(201): mysqli->real_connect()
#1 /home/maude/S4/Systeme d'information/alimentation/system/Database/BaseConnection.php(555): CodeIgniter\Database\MySQLi\Connection->connect()
#2 /home/maude/S4/Systeme d'information/alimentation/system/Database/BaseConnection.php(795): CodeIgniter\Database\BaseConnection->initialize()
#3 /home/maude/S4/Systeme d'information/alimentation/system/Database/BaseBuilder.php(1649): CodeIgniter\Database\BaseConnection->query()
#4 /home/maude/S4/Systeme d'information/alimentation/system/Validation/Rules.php(175): CodeIgniter\Database\BaseBuilder->get()
#5 /home/maude/S4/Systeme d'information/alimentation/system/Validation/StrictRules/Rules.php(187): CodeIgniter\Validation\Rules->is_unique()
#6 /home/maude/S4/Systeme d'information/alimentation/system/Validation/Validation.php(345): CodeIgniter\Validation\StrictRules\Rules->is_unique()
#7 /home/maude/S4/Systeme d'information/alimentation/system/Validation/Validation.php(210): CodeIgniter\Validation\Validation->processRules()
#8 /home/maude/S4/Systeme d'information/alimentation/system/Controller.php(136): CodeIgniter\Validation\Validation->run()
#9 /home/maude/S4/Systeme d'information/alimentation/app/Controllers/Register.php(40): CodeIgniter\Controller->validate()
#10 /home/maude/S4/Systeme d'information/alimentation/system/CodeIgniter.php(951): App\Controllers\Register->store()
#11 /home/maude/S4/Systeme d'information/alimentation/system/CodeIgniter.php(497): CodeIgniter\CodeIgniter->runController()
#12 /home/maude/S4/Systeme d'information/alimentation/system/CodeIgniter.php(340): CodeIgniter\CodeIgniter->handleRequest()
#13 /home/maude/S4/Systeme d'information/alimentation/system/Boot.php(417): CodeIgniter\CodeIgniter->run()
#14 /home/maude/S4/Systeme d'information/alimentation/system/Boot.php(68): CodeIgniter\Boot::runCodeIgniter()
#15 /home/maude/S4/Systeme d'information/alimentation/public/index.php(59): CodeIgniter\Boot::bootWeb()
#16 /home/maude/S4/Systeme d'information/alimentation/system/rewrite.php(44): require_once('...')
#17 {main}

Next CodeIgniter\Database\Exceptions\DatabaseException: No such file or directory in /home/maude/S4/Systeme d'information/alimentation/system/Database/MySQLi/Connection.php:231
Stack trace:
#0 /home/maude/S4/Systeme d'information/alimentation/system/Database/BaseConnection.php(555): CodeIgniter\Database\MySQLi\Connection->connect()
#1 /home/maude/S4/Systeme d'information/alimentation/system/Database/BaseConnection.php(795): CodeIgniter\Database\BaseConnection->initialize()
#2 /home/maude/S4/Systeme d'information/alimentation/system/Database/BaseBuilder.php(1649): CodeIgniter\Database\BaseConnection->query()
#3 /home/maude/S4/Systeme d'information/alimentation/system/Validation/Rules.php(175): CodeIgniter\Database\BaseBuilder->get()
#4 /home/maude/S4/Systeme d'information/alimentation/system/Validation/StrictRules/Rules.php(187): CodeIgniter\Validation\Rules->is_unique()
#5 /home/maude/S4/Systeme d'information/alimentation/system/Validation/Validation.php(345): CodeIgniter\Validation\StrictRules\Rules->is_unique()
#6 /home/maude/S4/Systeme d'information/alimentation/system/Validation/Validation.php(210): CodeIgniter\Validation\Validation->processRules()
#7 /home/maude/S4/Systeme d'information/alimentation/system/Controller.php(136): CodeIgniter\Validation\Validation->run()
#8 /home/maude/S4/Systeme d'information/alimentation/app/Controllers/Register.php(40): CodeIgniter\Controller->validate()
#9 /home/maude/S4/Systeme d'information/alimentation/system/CodeIgniter.php(951): App\Controllers\Register->store()
#10 /home/maude/S4/Systeme d'information/alimentation/system/CodeIgniter.php(497): CodeIgniter\CodeIgniter->runController()
#11 /home/maude/S4/Systeme d'information/alimentation/system/CodeIgniter.php(340): CodeIgniter\CodeIgniter->handleRequest()
#12 /home/maude/S4/Systeme d'information/alimentation/system/Boot.php(417): CodeIgniter\CodeIgniter->run()
#13 /home/maude/S4/Systeme d'information/alimentation/system/Boot.php(68): CodeIgniter\Boot::runCodeIgniter()
#14 /home/maude/S4/Systeme d'information/alimentation/public/index.php(59): CodeIgniter\Boot::bootWeb()
#15 /home/maude/S4/Systeme d'information/alimentation/system/rewrite.php(44): require_once('...')
#16 {main}
CRITICAL - 2026-05-07 07:40:09 --> CodeIgniter\Database\Exceptions\DatabaseException: Unable to connect to the database.
Main connection [MySQLi]: No such file or directory
[Method: POST, Route: register/store]
in SYSTEMPATH/Database/BaseConnection.php on line 606.
 1 SYSTEMPATH/Database/BaseConnection.php(795): CodeIgniter\Database\BaseConnection->initialize()
 2 SYSTEMPATH/Database/BaseBuilder.php(1649): CodeIgniter\Database\BaseConnection->query()
 3 SYSTEMPATH/Validation/Rules.php(175): CodeIgniter\Database\BaseBuilder->get()
 4 SYSTEMPATH/Validation/StrictRules/Rules.php(187): CodeIgniter\Validation\Rules->is_unique()
 5 SYSTEMPATH/Validation/Validation.php(345): CodeIgniter\Validation\StrictRules\Rules->is_unique()
 6 SYSTEMPATH/Validation/Validation.php(210): CodeIgniter\Validation\Validation->processRules()
 7 SYSTEMPATH/Controller.php(136): CodeIgniter\Validation\Validation->run()
 8 APPPATH/Controllers/Register.php(40): CodeIgniter\Controller->validate()
 9 SYSTEMPATH/CodeIgniter.php(951): App\Controllers\Register->store()
10 SYSTEMPATH/CodeIgniter.php(497): CodeIgniter\CodeIgniter->runController()
11 SYSTEMPATH/CodeIgniter.php(340): CodeIgniter\CodeIgniter->handleRequest()
12 SYSTEMPATH/Boot.php(417): CodeIgniter\CodeIgniter->run()
13 SYSTEMPATH/Boot.php(68): CodeIgniter\Boot::runCodeIgniter()
14 FCPATH/index.php(59): CodeIgniter\Boot::bootWeb()
15 SYSTEMPATH/rewrite.php(44): require_once('/home/maude/S4/Systeme d\'information/alimentation/public/index.php')
ERROR - 2026-05-07 08:01:39 --> Unknown column 'genre' in 'field list'
in SYSTEMPATH/Database/MySQLi/Connection.php on line 300.
 1 SYSTEMPATH/Database/MySQLi/Connection.php(300): mysqli->query()
 2 SYSTEMPATH/Database/BaseConnection.php(910): CodeIgniter\Database\MySQLi\Connection->execute()
 3 SYSTEMPATH/Database/BaseConnection.php(827): CodeIgniter\Database\BaseConnection->simpleQuery()
 4 SYSTEMPATH/Database/BaseBuilder.php(2345): CodeIgniter\Database\BaseConnection->query()
 5 SYSTEMPATH/Model.php(355): CodeIgniter\Database\BaseBuilder->insert()
 6 SYSTEMPATH/BaseModel.php(899): CodeIgniter\Model->doInsert()
 7 SYSTEMPATH/Model.php(668): CodeIgniter\BaseModel->insert()
 8 APPPATH/Models/User.php(25): CodeIgniter\Model->insert()
 9 APPPATH/Controllers/Register.php(53): App\Models\User->createUser()
10 SYSTEMPATH/CodeIgniter.php(951): App\Controllers\Register->store()
11 SYSTEMPATH/CodeIgniter.php(497): CodeIgniter\CodeIgniter->runController()
12 SYSTEMPATH/CodeIgniter.php(340): CodeIgniter\CodeIgniter->handleRequest()
13 SYSTEMPATH/Boot.php(417): CodeIgniter\CodeIgniter->run()
14 SYSTEMPATH/Boot.php(68): CodeIgniter\Boot::runCodeIgniter()
15 FCPATH/index.php(59): CodeIgniter\Boot::bootWeb()
16 SYSTEMPATH/rewrite.php(44): require_once('/home/maude/S4/Systeme d\'information/alimentation/public/index.php')
CRITICAL - 2026-05-07 08:01:39 --> CodeIgniter\Database\Exceptions\DatabaseException: Unknown column 'genre' in 'field list'
[Method: POST, Route: register/store]
in SYSTEMPATH/Database/BaseConnection.php on line 865.
 1 SYSTEMPATH/Database/BaseBuilder.php(2345): CodeIgniter\Database\BaseConnection->query()
 2 SYSTEMPATH/Model.php(355): CodeIgniter\Database\BaseBuilder->insert()
 3 SYSTEMPATH/BaseModel.php(899): CodeIgniter\Model->doInsert()
 4 SYSTEMPATH/Model.php(668): CodeIgniter\BaseModel->insert()
 5 APPPATH/Models/User.php(25): CodeIgniter\Model->insert()
 6 APPPATH/Controllers/Register.php(53): App\Models\User->createUser()
 7 SYSTEMPATH/CodeIgniter.php(951): App\Controllers\Register->store()
 8 SYSTEMPATH/CodeIgniter.php(497): CodeIgniter\CodeIgniter->runController()
 9 SYSTEMPATH/CodeIgniter.php(340): CodeIgniter\CodeIgniter->handleRequest()
10 SYSTEMPATH/Boot.php(417): CodeIgniter\CodeIgniter->run()
11 SYSTEMPATH/Boot.php(68): CodeIgniter\Boot::runCodeIgniter()
12 FCPATH/index.php(59): CodeIgniter\Boot::bootWeb()
13 SYSTEMPATH/rewrite.php(44): require_once('/home/maude/S4/Systeme d\'information/alimentation/public/index.php')
CRITICAL - 2026-05-07 08:01:39 --> [Caused by] CodeIgniter\Database\Exceptions\DatabaseException: Unknown column 'genre' in 'field list'
in SYSTEMPATH/Database/MySQLi/Connection.php on line 310.
 1 SYSTEMPATH/Database/BaseConnection.php(910): CodeIgniter\Database\MySQLi\Connection->execute()
 2 SYSTEMPATH/Database/BaseConnection.php(827): CodeIgniter\Database\BaseConnection->simpleQuery()
 3 SYSTEMPATH/Database/BaseBuilder.php(2345): CodeIgniter\Database\BaseConnection->query()
 4 SYSTEMPATH/Model.php(355): CodeIgniter\Database\BaseBuilder->insert()
 5 SYSTEMPATH/BaseModel.php(899): CodeIgniter\Model->doInsert()
 6 SYSTEMPATH/Model.php(668): CodeIgniter\BaseModel->insert()
 7 APPPATH/Models/User.php(25): CodeIgniter\Model->insert()
 8 APPPATH/Controllers/Register.php(53): App\Models\User->createUser()
 9 SYSTEMPATH/CodeIgniter.php(951): App\Controllers\Register->store()
10 SYSTEMPATH/CodeIgniter.php(497): CodeIgniter\CodeIgniter->runController()
11 SYSTEMPATH/CodeIgniter.php(340): CodeIgniter\CodeIgniter->handleRequest()
12 SYSTEMPATH/Boot.php(417): CodeIgniter\CodeIgniter->run()
13 SYSTEMPATH/Boot.php(68): CodeIgniter\Boot::runCodeIgniter()
14 FCPATH/index.php(59): CodeIgniter\Boot::bootWeb()
15 SYSTEMPATH/rewrite.php(44): require_once('/home/maude/S4/Systeme d\'information/alimentation/public/index.php')
CRITICAL - 2026-05-07 08:01:39 --> [Caused by] mysqli_sql_exception: Unknown column 'genre' in 'field list'
in SYSTEMPATH/Database/MySQLi/Connection.php on line 300.
 1 SYSTEMPATH/Database/MySQLi/Connection.php(300): mysqli->query()
 2 SYSTEMPATH/Database/BaseConnection.php(910): CodeIgniter\Database\MySQLi\Connection->execute()
 3 SYSTEMPATH/Database/BaseConnection.php(827): CodeIgniter\Database\BaseConnection->simpleQuery()
 4 SYSTEMPATH/Database/BaseBuilder.php(2345): CodeIgniter\Database\BaseConnection->query()
 5 SYSTEMPATH/Model.php(355): CodeIgniter\Database\BaseBuilder->insert()
 6 SYSTEMPATH/BaseModel.php(899): CodeIgniter\Model->doInsert()
 7 SYSTEMPATH/Model.php(668): CodeIgniter\BaseModel->insert()
 8 APPPATH/Models/User.php(25): CodeIgniter\Model->insert()
 9 APPPATH/Controllers/Register.php(53): App\Models\User->createUser()
10 SYSTEMPATH/CodeIgniter.php(951): App\Controllers\Register->store()
11 SYSTEMPATH/CodeIgniter.php(497): CodeIgniter\CodeIgniter->runController()
12 SYSTEMPATH/CodeIgniter.php(340): CodeIgniter\CodeIgniter->handleRequest()
13 SYSTEMPATH/Boot.php(417): CodeIgniter\CodeIgniter->run()
14 SYSTEMPATH/Boot.php(68): CodeIgniter\Boot::runCodeIgniter()
15 FCPATH/index.php(59): CodeIgniter\Boot::bootWeb()
16 SYSTEMPATH/rewrite.php(44): require_once('/home/maude/S4/Systeme d\'information/alimentation/public/index.php')
ERROR - 2026-05-07 08:02:52 --> Duplicate entry '1' for key 'user_id'
in SYSTEMPATH/Database/MySQLi/Connection.php on line 300.
 1 SYSTEMPATH/Database/MySQLi/Connection.php(300): mysqli->query()
 2 SYSTEMPATH/Database/BaseConnection.php(910): CodeIgniter\Database\MySQLi\Connection->execute()
 3 SYSTEMPATH/Database/BaseConnection.php(827): CodeIgniter\Database\BaseConnection->simpleQuery()
 4 SYSTEMPATH/Database/BaseBuilder.php(2345): CodeIgniter\Database\BaseConnection->query()
 5 SYSTEMPATH/Model.php(355): CodeIgniter\Database\BaseBuilder->insert()
 6 SYSTEMPATH/BaseModel.php(899): CodeIgniter\Model->doInsert()
 7 SYSTEMPATH/Model.php(668): CodeIgniter\BaseModel->insert()
 8 APPPATH/Controllers/Register.php(103): CodeIgniter\Model->insert()
 9 SYSTEMPATH/CodeIgniter.php(951): App\Controllers\Register->store2()
10 SYSTEMPATH/CodeIgniter.php(497): CodeIgniter\CodeIgniter->runController()
11 SYSTEMPATH/CodeIgniter.php(340): CodeIgniter\CodeIgniter->handleRequest()
12 SYSTEMPATH/Boot.php(417): CodeIgniter\CodeIgniter->run()
13 SYSTEMPATH/Boot.php(68): CodeIgniter\Boot::runCodeIgniter()
14 FCPATH/index.php(59): CodeIgniter\Boot::bootWeb()
15 SYSTEMPATH/rewrite.php(44): require_once('/home/maude/S4/Systeme d\'information/alimentation/public/index.php')
CRITICAL - 2026-05-07 08:02:52 --> CodeIgniter\Database\Exceptions\DatabaseException: Duplicate entry '1' for key 'user_id'
[Method: POST, Route: register/step2/store]
in SYSTEMPATH/Database/BaseConnection.php on line 865.
 1 SYSTEMPATH/Database/BaseBuilder.php(2345): CodeIgniter\Database\BaseConnection->query()
 2 SYSTEMPATH/Model.php(355): CodeIgniter\Database\BaseBuilder->insert()
 3 SYSTEMPATH/BaseModel.php(899): CodeIgniter\Model->doInsert()
 4 SYSTEMPATH/Model.php(668): CodeIgniter\BaseModel->insert()
 5 APPPATH/Controllers/Register.php(103): CodeIgniter\Model->insert()
 6 SYSTEMPATH/CodeIgniter.php(951): App\Controllers\Register->store2()
 7 SYSTEMPATH/CodeIgniter.php(497): CodeIgniter\CodeIgniter->runController()
 8 SYSTEMPATH/CodeIgniter.php(340): CodeIgniter\CodeIgniter->handleRequest()
 9 SYSTEMPATH/Boot.php(417): CodeIgniter\CodeIgniter->run()
10 SYSTEMPATH/Boot.php(68): CodeIgniter\Boot::runCodeIgniter()
11 FCPATH/index.php(59): CodeIgniter\Boot::bootWeb()
12 SYSTEMPATH/rewrite.php(44): require_once('/home/maude/S4/Systeme d\'information/alimentation/public/index.php')
CRITICAL - 2026-05-07 08:02:52 --> [Caused by] CodeIgniter\Database\Exceptions\DatabaseException: Duplicate entry '1' for key 'user_id'
in SYSTEMPATH/Database/MySQLi/Connection.php on line 310.
 1 SYSTEMPATH/Database/BaseConnection.php(910): CodeIgniter\Database\MySQLi\Connection->execute()
 2 SYSTEMPATH/Database/BaseConnection.php(827): CodeIgniter\Database\BaseConnection->simpleQuery()
 3 SYSTEMPATH/Database/BaseBuilder.php(2345): CodeIgniter\Database\BaseConnection->query()
 4 SYSTEMPATH/Model.php(355): CodeIgniter\Database\BaseBuilder->insert()
 5 SYSTEMPATH/BaseModel.php(899): CodeIgniter\Model->doInsert()
 6 SYSTEMPATH/Model.php(668): CodeIgniter\BaseModel->insert()
 7 APPPATH/Controllers/Register.php(103): CodeIgniter\Model->insert()
 8 SYSTEMPATH/CodeIgniter.php(951): App\Controllers\Register->store2()
 9 SYSTEMPATH/CodeIgniter.php(497): CodeIgniter\CodeIgniter->runController()
10 SYSTEMPATH/CodeIgniter.php(340): CodeIgniter\CodeIgniter->handleRequest()
11 SYSTEMPATH/Boot.php(417): CodeIgniter\CodeIgniter->run()
12 SYSTEMPATH/Boot.php(68): CodeIgniter\Boot::runCodeIgniter()
13 FCPATH/index.php(59): CodeIgniter\Boot::bootWeb()
14 SYSTEMPATH/rewrite.php(44): require_once('/home/maude/S4/Systeme d\'information/alimentation/public/index.php')
CRITICAL - 2026-05-07 08:02:52 --> [Caused by] mysqli_sql_exception: Duplicate entry '1' for key 'user_id'
in SYSTEMPATH/Database/MySQLi/Connection.php on line 300.
 1 SYSTEMPATH/Database/MySQLi/Connection.php(300): mysqli->query()
 2 SYSTEMPATH/Database/BaseConnection.php(910): CodeIgniter\Database\MySQLi\Connection->execute()
 3 SYSTEMPATH/Database/BaseConnection.php(827): CodeIgniter\Database\BaseConnection->simpleQuery()
 4 SYSTEMPATH/Database/BaseBuilder.php(2345): CodeIgniter\Database\BaseConnection->query()
 5 SYSTEMPATH/Model.php(355): CodeIgniter\Database\BaseBuilder->insert()
 6 SYSTEMPATH/BaseModel.php(899): CodeIgniter\Model->doInsert()
 7 SYSTEMPATH/Model.php(668): CodeIgniter\BaseModel->insert()
 8 APPPATH/Controllers/Register.php(103): CodeIgniter\Model->insert()
 9 SYSTEMPATH/CodeIgniter.php(951): App\Controllers\Register->store2()
10 SYSTEMPATH/CodeIgniter.php(497): CodeIgniter\CodeIgniter->runController()
11 SYSTEMPATH/CodeIgniter.php(340): CodeIgniter\CodeIgniter->handleRequest()
12 SYSTEMPATH/Boot.php(417): CodeIgniter\CodeIgniter->run()
13 SYSTEMPATH/Boot.php(68): CodeIgniter\Boot::runCodeIgniter()
14 FCPATH/index.php(59): CodeIgniter\Boot::bootWeb()
15 SYSTEMPATH/rewrite.php(44): require_once('/home/maude/S4/Systeme d\'information/alimentation/public/index.php')
ERROR - 2026-05-07 08:39:51 --> Duplicate entry '4' for key 'user_id'
in SYSTEMPATH/Database/MySQLi/Connection.php on line 300.
 1 SYSTEMPATH/Database/MySQLi/Connection.php(300): mysqli->query()
 2 SYSTEMPATH/Database/BaseConnection.php(910): CodeIgniter\Database\MySQLi\Connection->execute()
 3 SYSTEMPATH/Database/BaseConnection.php(827): CodeIgniter\Database\BaseConnection->simpleQuery()
 4 SYSTEMPATH/Database/BaseBuilder.php(2345): CodeIgniter\Database\BaseConnection->query()
 5 SYSTEMPATH/Model.php(355): CodeIgniter\Database\BaseBuilder->insert()
 6 SYSTEMPATH/BaseModel.php(899): CodeIgniter\Model->doInsert()
 7 SYSTEMPATH/Model.php(668): CodeIgniter\BaseModel->insert()
 8 APPPATH/Controllers/Register.php(103): CodeIgniter\Model->insert()
 9 SYSTEMPATH/CodeIgniter.php(951): App\Controllers\Register->store2()
10 SYSTEMPATH/CodeIgniter.php(497): CodeIgniter\CodeIgniter->runController()
11 SYSTEMPATH/CodeIgniter.php(340): CodeIgniter\CodeIgniter->handleRequest()
12 SYSTEMPATH/Boot.php(417): CodeIgniter\CodeIgniter->run()
13 SYSTEMPATH/Boot.php(68): CodeIgniter\Boot::runCodeIgniter()
14 FCPATH/index.php(59): CodeIgniter\Boot::bootWeb()
CRITICAL - 2026-05-07 08:39:51 --> CodeIgniter\Database\Exceptions\DatabaseException: Duplicate entry '4' for key 'user_id'
[Method: POST, Route: register/step2/store]
in SYSTEMPATH/Database/BaseConnection.php on line 865.
 1 SYSTEMPATH/Database/BaseBuilder.php(2345): CodeIgniter\Database\BaseConnection->query()
 2 SYSTEMPATH/Model.php(355): CodeIgniter\Database\BaseBuilder->insert()
 3 SYSTEMPATH/BaseModel.php(899): CodeIgniter\Model->doInsert()
 4 SYSTEMPATH/Model.php(668): CodeIgniter\BaseModel->insert()
 5 APPPATH/Controllers/Register.php(103): CodeIgniter\Model->insert()
 6 SYSTEMPATH/CodeIgniter.php(951): App\Controllers\Register->store2()
 7 SYSTEMPATH/CodeIgniter.php(497): CodeIgniter\CodeIgniter->runController()
 8 SYSTEMPATH/CodeIgniter.php(340): CodeIgniter\CodeIgniter->handleRequest()
 9 SYSTEMPATH/Boot.php(417): CodeIgniter\CodeIgniter->run()
10 SYSTEMPATH/Boot.php(68): CodeIgniter\Boot::runCodeIgniter()
11 FCPATH/index.php(59): CodeIgniter\Boot::bootWeb()
CRITICAL - 2026-05-07 08:39:51 --> [Caused by] CodeIgniter\Database\Exceptions\DatabaseException: Duplicate entry '4' for key 'user_id'
in SYSTEMPATH/Database/MySQLi/Connection.php on line 310.
 1 SYSTEMPATH/Database/BaseConnection.php(910): CodeIgniter\Database\MySQLi\Connection->execute()
 2 SYSTEMPATH/Database/BaseConnection.php(827): CodeIgniter\Database\BaseConnection->simpleQuery()
 3 SYSTEMPATH/Database/BaseBuilder.php(2345): CodeIgniter\Database\BaseConnection->query()
 4 SYSTEMPATH/Model.php(355): CodeIgniter\Database\BaseBuilder->insert()
 5 SYSTEMPATH/BaseModel.php(899): CodeIgniter\Model->doInsert()
 6 SYSTEMPATH/Model.php(668): CodeIgniter\BaseModel->insert()
 7 APPPATH/Controllers/Register.php(103): CodeIgniter\Model->insert()
 8 SYSTEMPATH/CodeIgniter.php(951): App\Controllers\Register->store2()
 9 SYSTEMPATH/CodeIgniter.php(497): CodeIgniter\CodeIgniter->runController()
10 SYSTEMPATH/CodeIgniter.php(340): CodeIgniter\CodeIgniter->handleRequest()
11 SYSTEMPATH/Boot.php(417): CodeIgniter\CodeIgniter->run()
12 SYSTEMPATH/Boot.php(68): CodeIgniter\Boot::runCodeIgniter()
13 FCPATH/index.php(59): CodeIgniter\Boot::bootWeb()
CRITICAL - 2026-05-07 08:39:51 --> [Caused by] mysqli_sql_exception: Duplicate entry '4' for key 'user_id'
in SYSTEMPATH/Database/MySQLi/Connection.php on line 300.
 1 SYSTEMPATH/Database/MySQLi/Connection.php(300): mysqli->query()
 2 SYSTEMPATH/Database/BaseConnection.php(910): CodeIgniter\Database\MySQLi\Connection->execute()
 3 SYSTEMPATH/Database/BaseConnection.php(827): CodeIgniter\Database\BaseConnection->simpleQuery()
 4 SYSTEMPATH/Database/BaseBuilder.php(2345): CodeIgniter\Database\BaseConnection->query()
 5 SYSTEMPATH/Model.php(355): CodeIgniter\Database\BaseBuilder->insert()
 6 SYSTEMPATH/BaseModel.php(899): CodeIgniter\Model->doInsert()
 7 SYSTEMPATH/Model.php(668): CodeIgniter\BaseModel->insert()
 8 APPPATH/Controllers/Register.php(103): CodeIgniter\Model->insert()
 9 SYSTEMPATH/CodeIgniter.php(951): App\Controllers\Register->store2()
10 SYSTEMPATH/CodeIgniter.php(497): CodeIgniter\CodeIgniter->runController()
11 SYSTEMPATH/CodeIgniter.php(340): CodeIgniter\CodeIgniter->handleRequest()
12 SYSTEMPATH/Boot.php(417): CodeIgniter\CodeIgniter->run()
13 SYSTEMPATH/Boot.php(68): CodeIgniter\Boot::runCodeIgniter()
14 FCPATH/index.php(59): CodeIgniter\Boot::bootWeb()
